// Jest Snapshot v1, https://jestjs.io/docs/snapshot-testing

exports[`shield rules are setup correctly 1`] = `
"{
  "Query": {
    "*": {
      "name": "isUserWithReadPermissions",
      "cache": "contextual",
      "__roles": [
        "VerifiableCredential.Reader",
        "VerifiableCredential.Issuer",
        "VerifiableCredential.CredentialAdmin",
        "VerifiableCredential.PartnerAdmin",
        "VerifiableCredential.ApprovalRequestAdmin",
        "VerifiableCredential.OidcAdmin",
        "VerifiableCredential.InstanceAdmin"
      ]
    },
    "discovery": {
      "rulesOr": [
        {
          "name": "isUserWithReadPermissions",
          "cache": "contextual",
          "__roles": [
            "VerifiableCredential.Reader",
            "VerifiableCredential.Issuer",
            "VerifiableCredential.CredentialAdmin",
            "VerifiableCredential.PartnerAdmin",
            "VerifiableCredential.ApprovalRequestAdmin",
            "VerifiableCredential.OidcAdmin",
            "VerifiableCredential.InstanceAdmin"
          ]
        },
        {
          "name": "hasApiResourceScope-VerifiableCredential.Issuee",
          "cache": "contextual"
        }
      ]
    },
    "healthcheck": {
      "rules": []
    },
    "conciergeBranding": {
      "rules": []
    },
    "template": {
      "rulesOr": [
        {
          "name": "isUserWithReadPermissions",
          "cache": "contextual",
          "__roles": [
            "VerifiableCredential.Reader",
            "VerifiableCredential.Issuer",
            "VerifiableCredential.CredentialAdmin",
            "VerifiableCredential.PartnerAdmin",
            "VerifiableCredential.ApprovalRequestAdmin",
            "VerifiableCredential.OidcAdmin",
            "VerifiableCredential.InstanceAdmin"
          ]
        },
        {
          "name": "isContractAdminApp",
          "cache": "contextual",
          "__roles": [
            "VerifiableCredential.ContractAdmin"
          ]
        }
      ]
    },
    "findTemplates": {
      "rulesOr": [
        {
          "name": "isUserWithReadPermissions",
          "cache": "contextual",
          "__roles": [
            "VerifiableCredential.Reader",
            "VerifiableCredential.Issuer",
            "VerifiableCredential.CredentialAdmin",
            "VerifiableCredential.PartnerAdmin",
            "VerifiableCredential.ApprovalRequestAdmin",
            "VerifiableCredential.OidcAdmin",
            "VerifiableCredential.InstanceAdmin"
          ]
        },
        {
          "name": "isContractAdminApp",
          "cache": "contextual",
          "__roles": [
            "VerifiableCredential.ContractAdmin"
          ]
        }
      ]
    },
    "templateCombinedData": {
      "rulesOr": [
        {
          "name": "isUserWithReadPermissions",
          "cache": "contextual",
          "__roles": [
            "VerifiableCredential.Reader",
            "VerifiableCredential.Issuer",
            "VerifiableCredential.CredentialAdmin",
            "VerifiableCredential.PartnerAdmin",
            "VerifiableCredential.ApprovalRequestAdmin",
            "VerifiableCredential.OidcAdmin",
            "VerifiableCredential.InstanceAdmin"
          ]
        },
        {
          "name": "isContractAdminApp",
          "cache": "contextual",
          "__roles": [
            "VerifiableCredential.ContractAdmin"
          ]
        }
      ]
    },
    "contract": {
      "rulesOr": [
        {
          "name": "isUserWithReadPermissions",
          "cache": "contextual",
          "__roles": [
            "VerifiableCredential.Reader",
            "VerifiableCredential.Issuer",
            "VerifiableCredential.CredentialAdmin",
            "VerifiableCredential.PartnerAdmin",
            "VerifiableCredential.ApprovalRequestAdmin",
            "VerifiableCredential.OidcAdmin",
            "VerifiableCredential.InstanceAdmin"
          ]
        },
        {
          "name": "isIssuanceApp",
          "cache": "contextual",
          "__roles": [
            "VerifiableCredential.Issue"
          ]
        },
        {
          "name": "isPresentationApp",
          "cache": "contextual",
          "__roles": [
            "VerifiableCredential.Present"
          ]
        },
        {
          "name": "isContractAdminApp",
          "cache": "contextual",
          "__roles": [
            "VerifiableCredential.ContractAdmin"
          ]
        },
        {
          "rulesAnd": [
            {
              "name": "isLimitedAccessApp",
              "cache": "contextual",
              "__roles": [
                "VerifiableCredential.LimitedAccess"
              ]
            },
            {
              "name": "isValidLimitedContractRequest",
              "cache": "strict"
            }
          ]
        }
      ]
    },
    "findContracts": {
      "rulesOr": [
        {
          "name": "isUserWithReadPermissions",
          "cache": "contextual",
          "__roles": [
            "VerifiableCredential.Reader",
            "VerifiableCredential.Issuer",
            "VerifiableCredential.CredentialAdmin",
            "VerifiableCredential.PartnerAdmin",
            "VerifiableCredential.ApprovalRequestAdmin",
            "VerifiableCredential.OidcAdmin",
            "VerifiableCredential.InstanceAdmin"
          ]
        },
        {
          "name": "isIssuanceApp",
          "cache": "contextual",
          "__roles": [
            "VerifiableCredential.Issue"
          ]
        },
        {
          "name": "isPresentationApp",
          "cache": "contextual",
          "__roles": [
            "VerifiableCredential.Present"
          ]
        },
        {
          "name": "isContractAdminApp",
          "cache": "contextual",
          "__roles": [
            "VerifiableCredential.ContractAdmin"
          ]
        },
        {
          "rulesAnd": [
            {
              "name": "isLimitedAccessApp",
              "cache": "contextual",
              "__roles": [
                "VerifiableCredential.LimitedAccess"
              ]
            },
            {
              "name": "hasLimitedAccessData-listContracts",
              "cache": "contextual"
            }
          ]
        }
      ]
    },
    "findApprovalRequests": {
      "name": "hasRole-VerifiableCredential.ApprovalRequestAdmin",
      "cache": "contextual",
      "__roles": [
        "VerifiableCredential.ApprovalRequestAdmin"
      ]
    },
    "identity": {
      "rulesOr": [
        {
          "name": "isUserWithReadPermissions",
          "cache": "contextual",
          "__roles": [
            "VerifiableCredential.Reader",
            "VerifiableCredential.Issuer",
            "VerifiableCredential.CredentialAdmin",
            "VerifiableCredential.PartnerAdmin",
            "VerifiableCredential.ApprovalRequestAdmin",
            "VerifiableCredential.OidcAdmin",
            "VerifiableCredential.InstanceAdmin"
          ]
        },
        {
          "name": "isIssuanceApp",
          "cache": "contextual",
          "__roles": [
            "VerifiableCredential.Issue"
          ]
        },
        {
          "name": "isPresentationApp",
          "cache": "contextual",
          "__roles": [
            "VerifiableCredential.Present"
          ]
        },
        {
          "rulesAnd": [
            {
              "name": "isLimitedAccessApp",
              "cache": "contextual",
              "__roles": [
                "VerifiableCredential.LimitedAccess"
              ]
            },
            {
              "name": "isValidLimitedIdentityRequest",
              "cache": "strict"
            }
          ]
        }
      ]
    },
    "identityStore": {
      "rulesOr": [
        {
          "name": "hasRole-VerifiableCredential.InstanceAdmin",
          "cache": "contextual",
          "__roles": [
            "VerifiableCredential.InstanceAdmin"
          ]
        },
        {
          "rulesOr": [
            {
              "name": "hasRole-VerifiableCredential.Issuer",
              "cache": "contextual",
              "__roles": [
                "VerifiableCredential.Issuer"
              ]
            },
            {
              "name": "isIssuanceApp",
              "cache": "contextual",
              "__roles": [
                "VerifiableCredential.Issue"
              ]
            },
            {
              "rulesAnd": [
                {
                  "name": "isLimitedAccessApp",
                  "cache": "contextual",
                  "__roles": [
                    "VerifiableCredential.LimitedAccess"
                  ]
                },
                {
                  "name": "hasLimitedAccessData-limitedIssuance",
                  "cache": "contextual"
                }
              ]
            },
            {
              "name": "hasRole-VerifiableCredential.CredentialAdmin",
              "cache": "contextual",
              "__roles": [
                "VerifiableCredential.CredentialAdmin"
              ]
            },
            {
              "name": "hasLimitedAccessTokenAcquisitionRoleRequiringIdentityAccess",
              "cache": "contextual",
              "__roles": [
                "VerifiableCredential.AcquireLimitedAccessToken.Issue",
                "VerifiableCredential.AcquireLimitedAccessToken.Present",
                "VerifiableCredential.AcquireLimitedAccessToken.ListContracts"
              ]
            }
          ]
        }
      ]
    },
    "testIdentityStoreGraphClient": {
      "name": "hasRole-VerifiableCredential.InstanceAdmin",
      "cache": "contextual",
      "__roles": [
        "VerifiableCredential.InstanceAdmin"
      ]
    },
    "findIdentityStores": {
      "rulesOr": [
        {
          "name": "hasRole-VerifiableCredential.InstanceAdmin",
          "cache": "contextual",
          "__roles": [
            "VerifiableCredential.InstanceAdmin"
          ]
        },
        {
          "rulesOr": [
            {
              "name": "hasRole-VerifiableCredential.Issuer",
              "cache": "contextual",
              "__roles": [
                "VerifiableCredential.Issuer"
              ]
            },
            {
              "name": "isIssuanceApp",
              "cache": "contextual",
              "__roles": [
                "VerifiableCredential.Issue"
              ]
            },
            {
              "rulesAnd": [
                {
                  "name": "isLimitedAccessApp",
                  "cache": "contextual",
                  "__roles": [
                    "VerifiableCredential.LimitedAccess"
                  ]
                },
                {
                  "name": "hasLimitedAccessData-limitedIssuance",
                  "cache": "contextual"
                }
              ]
            },
            {
              "name": "hasRole-VerifiableCredential.CredentialAdmin",
              "cache": "contextual",
              "__roles": [
                "VerifiableCredential.CredentialAdmin"
              ]
            },
            {
              "name": "hasLimitedAccessTokenAcquisitionRoleRequiringIdentityAccess",
              "cache": "contextual",
              "__roles": [
                "VerifiableCredential.AcquireLimitedAccessToken.Issue",
                "VerifiableCredential.AcquireLimitedAccessToken.Present",
                "VerifiableCredential.AcquireLimitedAccessToken.ListContracts"
              ]
            }
          ]
        }
      ]
    },
    "applicationLabelConfigs": {
      "name": "hasRole-VerifiableCredential.InstanceAdmin",
      "cache": "contextual",
      "__roles": [
        "VerifiableCredential.InstanceAdmin"
      ]
    },
    "corsOriginConfigs": {
      "name": "hasRole-VerifiableCredential.InstanceAdmin",
      "cache": "contextual",
      "__roles": [
        "VerifiableCredential.InstanceAdmin"
      ]
    },
    "emailSenderConfig": {
      "name": "hasRole-VerifiableCredential.InstanceAdmin",
      "cache": "contextual",
      "__roles": [
        "VerifiableCredential.InstanceAdmin"
      ]
    },
    "issuance": {
      "rulesOr": [
        {
          "rulesOr": [
            {
              "name": "isUserWithReadPermissions",
              "cache": "contextual",
              "__roles": [
                "VerifiableCredential.Reader",
                "VerifiableCredential.Issuer",
                "VerifiableCredential.CredentialAdmin",
                "VerifiableCredential.PartnerAdmin",
                "VerifiableCredential.ApprovalRequestAdmin",
                "VerifiableCredential.OidcAdmin",
                "VerifiableCredential.InstanceAdmin"
              ]
            },
            {
              "name": "isIssuanceApp",
              "cache": "contextual",
              "__roles": [
                "VerifiableCredential.Issue"
              ]
            },
            {
              "rulesAnd": [
                {
                  "name": "isLimitedAccessApp",
                  "cache": "contextual",
                  "__roles": [
                    "VerifiableCredential.LimitedAccess"
                  ]
                },
                {
                  "rulesOr": [
                    {
                      "name": "isRequestIdFilterDefined",
                      "cache": "strict"
                    },
                    {
                      "name": "isValidLimitedIdentitierFilter",
                      "cache": "strict"
                    }
                  ]
                }
              ]
            },
            {
              "rulesAnd": [
                {
                  "name": "isLimitedAsyncIssuanceApp",
                  "cache": "contextual",
                  "__roles": [
                    "VerifiableCredential.LimitedAsyncIssuance"
                  ]
                },
                {
                  "name": "isRequestIdFilterDefined",
                  "cache": "strict"
                }
              ]
            }
          ]
        },
        {
          "name": "hasApiResourceScope-VerifiableCredential.Issuee",
          "cache": "contextual"
        }
      ]
    },
    "findIssuances": {
      "rulesOr": [
        {
          "name": "isUserWithReadPermissions",
          "cache": "contextual",
          "__roles": [
            "VerifiableCredential.Reader",
            "VerifiableCredential.Issuer",
            "VerifiableCredential.CredentialAdmin",
            "VerifiableCredential.PartnerAdmin",
            "VerifiableCredential.ApprovalRequestAdmin",
            "VerifiableCredential.OidcAdmin",
            "VerifiableCredential.InstanceAdmin"
          ]
        },
        {
          "name": "isIssuanceApp",
          "cache": "contextual",
          "__roles": [
            "VerifiableCredential.Issue"
          ]
        },
        {
          "rulesAnd": [
            {
              "name": "isLimitedAccessApp",
              "cache": "contextual",
              "__roles": [
                "VerifiableCredential.LimitedAccess"
              ]
            },
            {
              "rulesOr": [
                {
                  "name": "isRequestIdFilterDefined",
                  "cache": "strict"
                },
                {
                  "name": "isValidLimitedIdentitierFilter",
                  "cache": "strict"
                }
              ]
            }
          ]
        },
        {
          "rulesAnd": [
            {
              "name": "isLimitedAsyncIssuanceApp",
              "cache": "contextual",
              "__roles": [
                "VerifiableCredential.LimitedAsyncIssuance"
              ]
            },
            {
              "name": "isRequestIdFilterDefined",
              "cache": "strict"
            }
          ]
        }
      ]
    },
    "findAsyncIssuanceRequests": {
      "rulesOr": [
        {
          "name": "isUserWithReadPermissions",
          "cache": "contextual",
          "__roles": [
            "VerifiableCredential.Reader",
            "VerifiableCredential.Issuer",
            "VerifiableCredential.CredentialAdmin",
            "VerifiableCredential.PartnerAdmin",
            "VerifiableCredential.ApprovalRequestAdmin",
            "VerifiableCredential.OidcAdmin",
            "VerifiableCredential.InstanceAdmin"
          ]
        },
        {
          "name": "isIssuanceApp",
          "cache": "contextual",
          "__roles": [
            "VerifiableCredential.Issue"
          ]
        }
      ]
    },
    "findPresentations": {
      "rulesOr": [
        {
          "name": "isUserWithReadPermissions",
          "cache": "contextual",
          "__roles": [
            "VerifiableCredential.Reader",
            "VerifiableCredential.Issuer",
            "VerifiableCredential.CredentialAdmin",
            "VerifiableCredential.PartnerAdmin",
            "VerifiableCredential.ApprovalRequestAdmin",
            "VerifiableCredential.OidcAdmin",
            "VerifiableCredential.InstanceAdmin"
          ]
        },
        {
          "name": "isPresentationApp",
          "cache": "contextual",
          "__roles": [
            "VerifiableCredential.Present"
          ]
        },
        {
          "rulesAnd": [
            {
              "name": "isLimitedAccessApp",
              "cache": "contextual",
              "__roles": [
                "VerifiableCredential.LimitedAccess"
              ]
            },
            {
              "rulesOr": [
                {
                  "name": "isRequestIdFilterDefined",
                  "cache": "strict"
                },
                {
                  "name": "isValidLimitedIdentitierFilter",
                  "cache": "strict"
                }
              ]
            }
          ]
        },
        {
          "rulesAnd": [
            {
              "name": "isLimitedApprovalApp",
              "cache": "contextual",
              "__roles": [
                "VerifiableCredential.LimitedApproval"
              ]
            },
            {
              "name": "isRequestIdFilterDefined",
              "cache": "strict"
            }
          ]
        },
        {
          "rulesAnd": [
            {
              "name": "isOidcAuthnClient",
              "cache": "contextual",
              "__roles": [
                "VerifiableCredential.LimitedOidcAuthn"
              ]
            },
            {
              "name": "isRequestIdFilterDefined",
              "cache": "strict"
            }
          ]
        }
      ]
    },
    "verifyPresentation": {
      "rulesOr": [
        {
          "name": "isUserWithReadPermissions",
          "cache": "contextual",
          "__roles": [
            "VerifiableCredential.Reader",
            "VerifiableCredential.Issuer",
            "VerifiableCredential.CredentialAdmin",
            "VerifiableCredential.PartnerAdmin",
            "VerifiableCredential.ApprovalRequestAdmin",
            "VerifiableCredential.OidcAdmin",
            "VerifiableCredential.InstanceAdmin"
          ]
        },
        {
          "name": "isPresentationApp",
          "cache": "contextual",
          "__roles": [
            "VerifiableCredential.Present"
          ]
        },
        {
          "rulesAnd": [
            {
              "name": "isLimitedAccessApp",
              "cache": "contextual",
              "__roles": [
                "VerifiableCredential.LimitedAccess"
              ]
            },
            {
              "rulesOr": [
                {
                  "name": "isRequestIdFilterDefined",
                  "cache": "strict"
                },
                {
                  "name": "isValidLimitedIdentitierFilter",
                  "cache": "strict"
                }
              ]
            }
          ]
        },
        {
          "rulesAnd": [
            {
              "name": "isLimitedApprovalApp",
              "cache": "contextual",
              "__roles": [
                "VerifiableCredential.LimitedApproval"
              ]
            },
            {
              "name": "isRequestIdFilterDefined",
              "cache": "strict"
            }
          ]
        },
        {
          "rulesAnd": [
            {
              "name": "isOidcAuthnClient",
              "cache": "contextual",
              "__roles": [
                "VerifiableCredential.LimitedOidcAuthn"
              ]
            },
            {
              "name": "isRequestIdFilterDefined",
              "cache": "strict"
            }
          ]
        }
      ]
    },
    "wallet": {
      "rulesOr": [
        {
          "name": "isUserWithReadPermissions",
          "cache": "contextual",
          "__roles": [
            "VerifiableCredential.Reader",
            "VerifiableCredential.Issuer",
            "VerifiableCredential.CredentialAdmin",
            "VerifiableCredential.PartnerAdmin",
            "VerifiableCredential.ApprovalRequestAdmin",
            "VerifiableCredential.OidcAdmin",
            "VerifiableCredential.InstanceAdmin"
          ]
        },
        {
          "name": "isPresentationApp",
          "cache": "contextual",
          "__roles": [
            "VerifiableCredential.Present"
          ]
        },
        {
          "rulesAnd": [
            {
              "name": "isLimitedAccessApp",
              "cache": "contextual",
              "__roles": [
                "VerifiableCredential.LimitedAccess"
              ]
            },
            {
              "rulesOr": [
                {
                  "name": "isRequestIdFilterDefined",
                  "cache": "strict"
                },
                {
                  "name": "isValidLimitedIdentitierFilter",
                  "cache": "strict"
                }
              ]
            }
          ]
        },
        {
          "rulesAnd": [
            {
              "name": "isLimitedApprovalApp",
              "cache": "contextual",
              "__roles": [
                "VerifiableCredential.LimitedApproval"
              ]
            },
            {
              "name": "isRequestIdFilterDefined",
              "cache": "strict"
            }
          ]
        },
        {
          "rulesAnd": [
            {
              "name": "isOidcAuthnClient",
              "cache": "contextual",
              "__roles": [
                "VerifiableCredential.LimitedOidcAuthn"
              ]
            },
            {
              "name": "isRequestIdFilterDefined",
              "cache": "strict"
            }
          ]
        }
      ]
    },
    "findWallets": {
      "rulesOr": [
        {
          "name": "isUserWithReadPermissions",
          "cache": "contextual",
          "__roles": [
            "VerifiableCredential.Reader",
            "VerifiableCredential.Issuer",
            "VerifiableCredential.CredentialAdmin",
            "VerifiableCredential.PartnerAdmin",
            "VerifiableCredential.ApprovalRequestAdmin",
            "VerifiableCredential.OidcAdmin",
            "VerifiableCredential.InstanceAdmin"
          ]
        },
        {
          "name": "isPresentationApp",
          "cache": "contextual",
          "__roles": [
            "VerifiableCredential.Present"
          ]
        },
        {
          "rulesAnd": [
            {
              "name": "isLimitedAccessApp",
              "cache": "contextual",
              "__roles": [
                "VerifiableCredential.LimitedAccess"
              ]
            },
            {
              "rulesOr": [
                {
                  "name": "isRequestIdFilterDefined",
                  "cache": "strict"
                },
                {
                  "name": "isValidLimitedIdentitierFilter",
                  "cache": "strict"
                }
              ]
            }
          ]
        },
        {
          "rulesAnd": [
            {
              "name": "isLimitedApprovalApp",
              "cache": "contextual",
              "__roles": [
                "VerifiableCredential.LimitedApproval"
              ]
            },
            {
              "name": "isRequestIdFilterDefined",
              "cache": "strict"
            }
          ]
        },
        {
          "rulesAnd": [
            {
              "name": "isOidcAuthnClient",
              "cache": "contextual",
              "__roles": [
                "VerifiableCredential.LimitedOidcAuthn"
              ]
            },
            {
              "name": "isRequestIdFilterDefined",
              "cache": "strict"
            }
          ]
        }
      ]
    },
    "findNetworkIssuers": {
      "name": "hasRole-VerifiableCredential.PartnerAdmin",
      "cache": "contextual",
      "__roles": [
        "VerifiableCredential.PartnerAdmin"
      ]
    },
    "networkContracts": {
      "name": "hasRole-VerifiableCredential.PartnerAdmin",
      "cache": "contextual",
      "__roles": [
        "VerifiableCredential.PartnerAdmin"
      ]
    },
    "approvalRequest": {
      "rulesOr": [
        {
          "name": "hasRole-VerifiableCredential.ApprovalRequestAdmin",
          "cache": "contextual",
          "__roles": [
            "VerifiableCredential.ApprovalRequestAdmin"
          ]
        },
        {
          "rulesAnd": [
            {
              "name": "isLimitedApprovalApp",
              "cache": "contextual",
              "__roles": [
                "VerifiableCredential.LimitedApproval"
              ]
            },
            {
              "name": "hasApprovalRequestPresentationAndMatchesApprovalRequestId",
              "cache": "strict"
            }
          ]
        }
      ]
    },
    "actionedApprovalData": {
      "rulesOr": [
        {
          "name": "hasRole-VerifiableCredential.ApprovalRequestAdmin",
          "cache": "contextual",
          "__roles": [
            "VerifiableCredential.ApprovalRequestAdmin"
          ]
        },
        {
          "name": "isApprovalRequestApp",
          "cache": "contextual",
          "__roles": [
            "VerifiableCredential.RequestApproval"
          ]
        }
      ]
    },
    "photoCaptureStatus": {
      "rulesOr": [
        {
          "rulesOr": [
            {
              "name": "hasRole-VerifiableCredential.Issuer",
              "cache": "contextual",
              "__roles": [
                "VerifiableCredential.Issuer"
              ]
            },
            {
              "name": "isIssuanceApp",
              "cache": "contextual",
              "__roles": [
                "VerifiableCredential.Issue"
              ]
            },
            {
              "rulesAnd": [
                {
                  "name": "isLimitedAccessApp",
                  "cache": "contextual",
                  "__roles": [
                    "VerifiableCredential.LimitedAccess"
                  ]
                },
                {
                  "name": "hasLimitedAccessData-limitedIssuance",
                  "cache": "contextual"
                }
              ]
            }
          ]
        },
        {
          "rulesAnd": [
            {
              "name": "isLimitedAsyncIssuanceApp",
              "cache": "contextual",
              "__roles": [
                "VerifiableCredential.LimitedAsyncIssuance"
              ]
            },
            {
              "name": "asyncIssuanceRequiresPhotoCapture",
              "cache": "contextual"
            }
          ]
        }
      ]
    },
    "asyncIssuanceRequest": {
      "rulesOr": [
        {
          "rulesOr": [
            {
              "name": "isUserWithReadPermissions",
              "cache": "contextual",
              "__roles": [
                "VerifiableCredential.Reader",
                "VerifiableCredential.Issuer",
                "VerifiableCredential.CredentialAdmin",
                "VerifiableCredential.PartnerAdmin",
                "VerifiableCredential.ApprovalRequestAdmin",
                "VerifiableCredential.OidcAdmin",
                "VerifiableCredential.InstanceAdmin"
              ]
            },
            {
              "name": "isIssuanceApp",
              "cache": "contextual",
              "__roles": [
                "VerifiableCredential.Issue"
              ]
            }
          ]
        },
        {
          "name": "hasApiResourceScope-VerifiableCredential.Issuee",
          "cache": "contextual"
        }
      ]
    },
    "asyncIssuanceContact": {
      "name": "hasRole-VerifiableCredential.Issuer",
      "cache": "contextual",
      "__roles": [
        "VerifiableCredential.Issuer"
      ]
    },
    "approvalRequestTypes": {
      "name": "hasRole-VerifiableCredential.ApprovalRequestAdmin",
      "cache": "contextual",
      "__roles": [
        "VerifiableCredential.ApprovalRequestAdmin"
      ]
    },
    "identityByIdentifier": {
      "rulesOr": [
        {
          "name": "isUserWithReadPermissions",
          "cache": "contextual",
          "__roles": [
            "VerifiableCredential.Reader",
            "VerifiableCredential.Issuer",
            "VerifiableCredential.CredentialAdmin",
            "VerifiableCredential.PartnerAdmin",
            "VerifiableCredential.ApprovalRequestAdmin",
            "VerifiableCredential.OidcAdmin",
            "VerifiableCredential.InstanceAdmin"
          ]
        },
        {
          "name": "isIssuanceApp",
          "cache": "contextual",
          "__roles": [
            "VerifiableCredential.Issue"
          ]
        },
        {
          "rulesAnd": [
            {
              "name": "isLimitedAccessApp",
              "cache": "contextual",
              "__roles": [
                "VerifiableCredential.LimitedAccess"
              ]
            },
            {
              "name": "hasLimitedAccessData-limitedIssuance",
              "cache": "contextual"
            }
          ]
        },
        {
          "name": "hasLimitedAccessTokenAcquisitionRoleRequiringIdentityAccess",
          "cache": "contextual",
          "__roles": [
            "VerifiableCredential.AcquireLimitedAccessToken.Issue",
            "VerifiableCredential.AcquireLimitedAccessToken.Present",
            "VerifiableCredential.AcquireLimitedAccessToken.ListContracts"
          ]
        }
      ]
    },
    "identitiesByIdentifiers": {
      "rulesOr": [
        {
          "name": "isUserWithReadPermissions",
          "cache": "contextual",
          "__roles": [
            "VerifiableCredential.Reader",
            "VerifiableCredential.Issuer",
            "VerifiableCredential.CredentialAdmin",
            "VerifiableCredential.PartnerAdmin",
            "VerifiableCredential.ApprovalRequestAdmin",
            "VerifiableCredential.OidcAdmin",
            "VerifiableCredential.InstanceAdmin"
          ]
        },
        {
          "name": "isIssuanceApp",
          "cache": "contextual",
          "__roles": [
            "VerifiableCredential.Issue"
          ]
        },
        {
          "rulesAnd": [
            {
              "name": "isLimitedAccessApp",
              "cache": "contextual",
              "__roles": [
                "VerifiableCredential.LimitedAccess"
              ]
            },
            {
              "name": "hasLimitedAccessData-limitedIssuance",
              "cache": "contextual"
            }
          ]
        },
        {
          "name": "hasLimitedAccessTokenAcquisitionRoleRequiringIdentityAccess",
          "cache": "contextual",
          "__roles": [
            "VerifiableCredential.AcquireLimitedAccessToken.Issue",
            "VerifiableCredential.AcquireLimitedAccessToken.Present",
            "VerifiableCredential.AcquireLimitedAccessToken.ListContracts"
          ]
        }
      ]
    },
    "me": {
      "rules": []
    },
    "authority": {
      "rulesOr": [
        {
          "name": "isUserWithReadPermissions",
          "cache": "contextual",
          "__roles": [
            "VerifiableCredential.Reader",
            "VerifiableCredential.Issuer",
            "VerifiableCredential.CredentialAdmin",
            "VerifiableCredential.PartnerAdmin",
            "VerifiableCredential.ApprovalRequestAdmin",
            "VerifiableCredential.OidcAdmin",
            "VerifiableCredential.InstanceAdmin"
          ]
        },
        {
          "name": "hasApiResourceScope-VerifiableCredential.Issuee",
          "cache": "contextual"
        }
      ]
    }
  },
  "Mutation": {
    "*": {
      "name": "hasRole-VerifiableCredential.CredentialAdmin",
      "cache": "contextual",
      "__roles": [
        "VerifiableCredential.CredentialAdmin"
      ]
    },
    "createTemplate": {
      "rulesOr": [
        {
          "name": "hasRole-VerifiableCredential.CredentialAdmin",
          "cache": "contextual",
          "__roles": [
            "VerifiableCredential.CredentialAdmin"
          ]
        },
        {
          "name": "isContractAdminApp",
          "cache": "contextual",
          "__roles": [
            "VerifiableCredential.ContractAdmin"
          ]
        }
      ]
    },
    "updateTemplate": {
      "rulesOr": [
        {
          "name": "hasRole-VerifiableCredential.CredentialAdmin",
          "cache": "contextual",
          "__roles": [
            "VerifiableCredential.CredentialAdmin"
          ]
        },
        {
          "name": "isContractAdminApp",
          "cache": "contextual",
          "__roles": [
            "VerifiableCredential.ContractAdmin"
          ]
        }
      ]
    },
    "deleteTemplate": {
      "rulesOr": [
        {
          "name": "hasRole-VerifiableCredential.CredentialAdmin",
          "cache": "contextual",
          "__roles": [
            "VerifiableCredential.CredentialAdmin"
          ]
        },
        {
          "name": "isContractAdminApp",
          "cache": "contextual",
          "__roles": [
            "VerifiableCredential.ContractAdmin"
          ]
        }
      ]
    },
    "createContract": {
      "rulesOr": [
        {
          "name": "hasRole-VerifiableCredential.CredentialAdmin",
          "cache": "contextual",
          "__roles": [
            "VerifiableCredential.CredentialAdmin"
          ]
        },
        {
          "name": "isContractAdminApp",
          "cache": "contextual",
          "__roles": [
            "VerifiableCredential.ContractAdmin"
          ]
        }
      ]
    },
    "updateContract": {
      "rulesOr": [
        {
          "name": "hasRole-VerifiableCredential.CredentialAdmin",
          "cache": "contextual",
          "__roles": [
            "VerifiableCredential.CredentialAdmin"
          ]
        },
        {
          "name": "isContractAdminApp",
          "cache": "contextual",
          "__roles": [
            "VerifiableCredential.ContractAdmin"
          ]
        }
      ]
    },
    "deleteContract": {
      "rulesOr": [
        {
          "name": "hasRole-VerifiableCredential.CredentialAdmin",
          "cache": "contextual",
          "__roles": [
            "VerifiableCredential.CredentialAdmin"
          ]
        },
        {
          "name": "isContractAdminApp",
          "cache": "contextual",
          "__roles": [
            "VerifiableCredential.ContractAdmin"
          ]
        }
      ]
    },
    "provisionContract": {
      "rulesOr": [
        {
          "name": "hasRole-VerifiableCredential.CredentialAdmin",
          "cache": "contextual",
          "__roles": [
            "VerifiableCredential.CredentialAdmin"
          ]
        },
        {
          "name": "isContractAdminApp",
          "cache": "contextual",
          "__roles": [
            "VerifiableCredential.ContractAdmin"
          ]
        }
      ]
    },
    "deprecateContract": {
      "rulesOr": [
        {
          "name": "hasRole-VerifiableCredential.CredentialAdmin",
          "cache": "contextual",
          "__roles": [
            "VerifiableCredential.CredentialAdmin"
          ]
        },
        {
          "name": "isContractAdminApp",
          "cache": "contextual",
          "__roles": [
            "VerifiableCredential.ContractAdmin"
          ]
        }
      ]
    },
    "import": {
      "rulesOr": [
        {
          "name": "hasRole-VerifiableCredential.CredentialAdmin",
          "cache": "contextual",
          "__roles": [
            "VerifiableCredential.CredentialAdmin"
          ]
        },
        {
          "name": "isContractAdminApp",
          "cache": "contextual",
          "__roles": [
            "VerifiableCredential.ContractAdmin"
          ]
        }
      ]
    },
    "acquireLimitedAccessToken": {
      "rulesAnd": [
        {
          "name": "hasLimitedAccessTokenAcquisitionRole",
          "cache": "contextual",
          "__roles": [
            "VerifiableCredential.AcquireLimitedAccessToken.Issue",
            "VerifiableCredential.AcquireLimitedAccessToken.Present",
            "VerifiableCredential.AcquireLimitedAccessToken.ListContracts",
            "VerifiableCredential.AcquireLimitedAccessToken.AnonymousPresentations"
          ]
        },
        {
          "name": "isValidAcquireLimitedAccessTokenRequest",
          "cache": "strict"
        }
      ]
    },
    "acquireLimitedApprovalToken": {
      "rules": []
    },
    "acquireLimitedPhotoCaptureToken": {
      "rules": []
    },
    "createIssuanceRequest": {
      "rulesOr": [
        {
          "name": "hasRole-VerifiableCredential.Issuer",
          "cache": "contextual",
          "__roles": [
            "VerifiableCredential.Issuer"
          ]
        },
        {
          "name": "isIssuanceApp",
          "cache": "contextual",
          "__roles": [
            "VerifiableCredential.Issue"
          ]
        },
        {
          "rulesAnd": [
            {
              "rulesAnd": [
                {
                  "name": "isLimitedAccessApp",
                  "cache": "contextual",
                  "__roles": [
                    "VerifiableCredential.LimitedAccess"
                  ]
                },
                {
                  "name": "hasLimitedAccessData-limitedIssuance",
                  "cache": "contextual"
                }
              ]
            },
            {
              "name": "isValidLimitedIssuanceRequest",
              "cache": "strict"
            }
          ]
        }
      ]
    },
    "createIssuanceRequestForAsyncIssuance": {
      "rulesOr": [
        {
          "name": "hasApiResourceScope-VerifiableCredential.Issuee",
          "cache": "contextual"
        },
        {
          "rulesAnd": [
            {
              "name": "isLimitedAsyncIssuanceApp",
              "cache": "contextual",
              "__roles": [
                "VerifiableCredential.LimitedAsyncIssuance"
              ]
            },
            {
              "name": "hasCorrectCreateIssuanceRequestForAsyncIssuanceArgs",
              "cache": "strict"
            }
          ]
        }
      ]
    },
    "createPresentationRequest": {
      "rulesOr": [
        {
          "name": "isUserWithReadPermissions",
          "cache": "contextual",
          "__roles": [
            "VerifiableCredential.Reader",
            "VerifiableCredential.Issuer",
            "VerifiableCredential.CredentialAdmin",
            "VerifiableCredential.PartnerAdmin",
            "VerifiableCredential.ApprovalRequestAdmin",
            "VerifiableCredential.OidcAdmin",
            "VerifiableCredential.InstanceAdmin"
          ]
        },
        {
          "name": "isPresentationApp",
          "cache": "contextual",
          "__roles": [
            "VerifiableCredential.Present"
          ]
        },
        {
          "rulesAnd": [
            {
              "rulesAnd": [
                {
                  "name": "isLimitedAccessApp",
                  "cache": "contextual",
                  "__roles": [
                    "VerifiableCredential.LimitedAccess"
                  ]
                },
                {
                  "name": "hasLimitedAccessData-limitedPresentation",
                  "cache": "contextual"
                }
              ]
            },
            {
              "name": "isValidLimitedPresentationRequest",
              "cache": "strict"
            }
          ]
        }
      ]
    },
    "createPresentationRequestForAuthn": {
      "rulesAnd": [
        {
          "name": "isOidcAuthnClient",
          "cache": "contextual",
          "__roles": [
            "VerifiableCredential.LimitedOidcAuthn"
          ]
        },
        {
          "name": "isValidOidcAuthnPresentationRequest",
          "cache": "strict"
        }
      ]
    },
    "saveConciergeBranding": {
      "name": "hasRole-VerifiableCredential.InstanceAdmin",
      "cache": "contextual",
      "__roles": [
        "VerifiableCredential.InstanceAdmin"
      ]
    },
    "deleteConciergeBranding": {
      "name": "hasRole-VerifiableCredential.InstanceAdmin",
      "cache": "contextual",
      "__roles": [
        "VerifiableCredential.InstanceAdmin"
      ]
    },
    "saveIdentity": {
      "rulesOr": [
        {
          "name": "hasRole-VerifiableCredential.Issuer",
          "cache": "contextual",
          "__roles": [
            "VerifiableCredential.Issuer"
          ]
        },
        {
          "name": "isIssuanceApp",
          "cache": "contextual",
          "__roles": [
            "VerifiableCredential.Issue"
          ]
        },
        {
          "rulesAnd": [
            {
              "name": "isLimitedAccessApp",
              "cache": "contextual",
              "__roles": [
                "VerifiableCredential.LimitedAccess"
              ]
            },
            {
              "name": "hasLimitedAccessData-limitedIssuance",
              "cache": "contextual"
            }
          ]
        },
        {
          "name": "hasRole-VerifiableCredential.CredentialAdmin",
          "cache": "contextual",
          "__roles": [
            "VerifiableCredential.CredentialAdmin"
          ]
        },
        {
          "name": "hasLimitedAccessTokenAcquisitionRoleRequiringIdentityAccess",
          "cache": "contextual",
          "__roles": [
            "VerifiableCredential.AcquireLimitedAccessToken.Issue",
            "VerifiableCredential.AcquireLimitedAccessToken.Present",
            "VerifiableCredential.AcquireLimitedAccessToken.ListContracts"
          ]
        }
      ]
    },
    "deleteIdentities": {
      "rulesOr": [
        {
          "name": "hasRole-VerifiableCredential.Issuer",
          "cache": "contextual",
          "__roles": [
            "VerifiableCredential.Issuer"
          ]
        },
        {
          "name": "isIssuanceApp",
          "cache": "contextual",
          "__roles": [
            "VerifiableCredential.Issue"
          ]
        },
        {
          "rulesAnd": [
            {
              "name": "isLimitedAccessApp",
              "cache": "contextual",
              "__roles": [
                "VerifiableCredential.LimitedAccess"
              ]
            },
            {
              "name": "hasLimitedAccessData-limitedIssuance",
              "cache": "contextual"
            }
          ]
        },
        {
          "name": "hasRole-VerifiableCredential.CredentialAdmin",
          "cache": "contextual",
          "__roles": [
            "VerifiableCredential.CredentialAdmin"
          ]
        },
        {
          "name": "hasLimitedAccessTokenAcquisitionRoleRequiringIdentityAccess",
          "cache": "contextual",
          "__roles": [
            "VerifiableCredential.AcquireLimitedAccessToken.Issue",
            "VerifiableCredential.AcquireLimitedAccessToken.Present",
            "VerifiableCredential.AcquireLimitedAccessToken.ListContracts"
          ]
        }
      ]
    },
    "createIdentityStore": {
      "name": "hasRole-VerifiableCredential.InstanceAdmin",
      "cache": "contextual",
      "__roles": [
        "VerifiableCredential.InstanceAdmin"
      ]
    },
    "updateIdentityStore": {
      "name": "hasRole-VerifiableCredential.InstanceAdmin",
      "cache": "contextual",
      "__roles": [
        "VerifiableCredential.InstanceAdmin"
      ]
    },
    "suspendIdentityStore": {
      "name": "hasRole-VerifiableCredential.InstanceAdmin",
      "cache": "contextual",
      "__roles": [
        "VerifiableCredential.InstanceAdmin"
      ]
    },
    "resumeIdentityStore": {
      "name": "hasRole-VerifiableCredential.InstanceAdmin",
      "cache": "contextual",
      "__roles": [
        "VerifiableCredential.InstanceAdmin"
      ]
    },
    "setApplicationLabelConfigs": {
      "name": "hasRole-VerifiableCredential.InstanceAdmin",
      "cache": "contextual",
      "__roles": [
        "VerifiableCredential.InstanceAdmin"
      ]
    },
    "setCorsOriginConfigs": {
      "name": "hasRole-VerifiableCredential.InstanceAdmin",
      "cache": "contextual",
      "__roles": [
        "VerifiableCredential.InstanceAdmin"
      ]
    },
    "setEmailSenderConfig": {
      "name": "hasRole-VerifiableCredential.InstanceAdmin",
      "cache": "contextual",
      "__roles": [
        "VerifiableCredential.InstanceAdmin"
      ]
    },
    "createPartner": {
      "name": "hasRole-VerifiableCredential.PartnerAdmin",
      "cache": "contextual",
      "__roles": [
        "VerifiableCredential.PartnerAdmin"
      ]
    },
    "updatePartner": {
      "name": "hasRole-VerifiableCredential.PartnerAdmin",
      "cache": "contextual",
      "__roles": [
        "VerifiableCredential.PartnerAdmin"
      ]
    },
    "suspendPartner": {
      "name": "hasRole-VerifiableCredential.PartnerAdmin",
      "cache": "contextual",
      "__roles": [
        "VerifiableCredential.PartnerAdmin"
      ]
    },
    "resumePartner": {
      "name": "hasRole-VerifiableCredential.PartnerAdmin",
      "cache": "contextual",
      "__roles": [
        "VerifiableCredential.PartnerAdmin"
      ]
    },
    "createApprovalRequest": {
      "name": "isApprovalRequestApp",
      "cache": "contextual",
      "__roles": [
        "VerifiableCredential.RequestApproval"
      ]
    },
    "updateApprovalRequest": {
      "name": "isApprovalRequestApp",
      "cache": "contextual",
      "__roles": [
        "VerifiableCredential.RequestApproval"
      ]
    },
    "cancelApprovalRequest": {
      "rulesOr": [
        {
          "name": "hasRole-VerifiableCredential.ApprovalRequestAdmin",
          "cache": "contextual",
          "__roles": [
            "VerifiableCredential.ApprovalRequestAdmin"
          ]
        },
        {
          "name": "isApprovalRequestApp",
          "cache": "contextual",
          "__roles": [
            "VerifiableCredential.RequestApproval"
          ]
        }
      ]
    },
    "createPresentationRequestForApproval": {
      "rulesAnd": [
        {
          "name": "isLimitedApprovalApp",
          "cache": "contextual",
          "__roles": [
            "VerifiableCredential.LimitedApproval"
          ]
        },
        {
          "name": "isValidLimitedPresentationRequestForApproval",
          "cache": "strict"
        }
      ]
    },
    "actionApprovalRequest": {
      "rulesAnd": [
        {
          "name": "isLimitedApprovalApp",
          "cache": "contextual",
          "__roles": [
            "VerifiableCredential.LimitedApproval"
          ]
        },
        {
          "name": "hasApprovalRequestPresentationAndMatchesApprovalRequestId",
          "cache": "strict"
        }
      ]
    },
    "createPhotoCaptureRequest": {
      "rulesOr": [
        {
          "name": "hasRole-VerifiableCredential.Issuer",
          "cache": "contextual",
          "__roles": [
            "VerifiableCredential.Issuer"
          ]
        },
        {
          "name": "isIssuanceApp",
          "cache": "contextual",
          "__roles": [
            "VerifiableCredential.Issue"
          ]
        },
        {
          "rulesAnd": [
            {
              "rulesAnd": [
                {
                  "name": "isLimitedAccessApp",
                  "cache": "contextual",
                  "__roles": [
                    "VerifiableCredential.LimitedAccess"
                  ]
                },
                {
                  "name": "hasLimitedAccessData-limitedIssuance",
                  "cache": "contextual"
                }
              ]
            },
            {
              "name": "isValidLimitedIssuancePhotoCaptureRequest",
              "cache": "strict"
            }
          ]
        }
      ]
    },
    "capturePhoto": {
      "rulesAnd": [
        {
          "rulesOr": [
            {
              "name": "isLimitedPhotoCaptureUser",
              "cache": "contextual",
              "__roles": [
                "VerifiableCredential.LimitedPhotoCapture"
              ]
            },
            {
              "rulesAnd": [
                {
                  "name": "isLimitedAsyncIssuanceApp",
                  "cache": "contextual",
                  "__roles": [
                    "VerifiableCredential.LimitedAsyncIssuance"
                  ]
                },
                {
                  "name": "asyncIssuanceRequiresPhotoCapture",
                  "cache": "contextual"
                }
              ]
            }
          ]
        },
        {
          "name": "isValidCapturePhotoRequestId",
          "cache": "strict"
        }
      ]
    },
    "createAsyncIssuanceRequest": {
      "rulesOr": [
        {
          "name": "hasRole-VerifiableCredential.Issuer",
          "cache": "contextual",
          "__roles": [
            "VerifiableCredential.Issuer"
          ]
        },
        {
          "name": "isIssuanceApp",
          "cache": "contextual",
          "__roles": [
            "VerifiableCredential.Issue"
          ]
        }
      ]
    },
    "updateAsyncIssuanceContact": {
      "rulesOr": [
        {
          "name": "hasRole-VerifiableCredential.Issuer",
          "cache": "contextual",
          "__roles": [
            "VerifiableCredential.Issuer"
          ]
        },
        {
          "name": "isIssuanceApp",
          "cache": "contextual",
          "__roles": [
            "VerifiableCredential.Issue"
          ]
        }
      ]
    },
    "sendAsyncIssuanceVerification": {
      "rules": []
    },
    "acquireAsyncIssuanceToken": {
      "rules": []
    },
    "resendAsyncIssuanceNotifications": {
      "rulesOr": [
        {
          "name": "hasRole-VerifiableCredential.Issuer",
          "cache": "contextual",
          "__roles": [
            "VerifiableCredential.Issuer"
          ]
        },
        {
          "name": "isIssuanceApp",
          "cache": "contextual",
          "__roles": [
            "VerifiableCredential.Issue"
          ]
        }
      ]
    },
    "resendAsyncIssuanceNotification": {
      "rulesOr": [
        {
          "name": "hasRole-VerifiableCredential.Issuer",
          "cache": "contextual",
          "__roles": [
            "VerifiableCredential.Issuer"
          ]
        },
        {
          "name": "isIssuanceApp",
          "cache": "contextual",
          "__roles": [
            "VerifiableCredential.Issue"
          ]
        }
      ]
    },
    "cancelAsyncIssuanceRequest": {
      "rulesOr": [
        {
          "name": "hasRole-VerifiableCredential.Issuer",
          "cache": "contextual",
          "__roles": [
            "VerifiableCredential.Issuer"
          ]
        },
        {
          "name": "isIssuanceApp",
          "cache": "contextual",
          "__roles": [
            "VerifiableCredential.Issue"
          ]
        }
      ]
    },
    "createOidcClient": {
      "name": "hasRole-VerifiableCredential.OidcAdmin",
      "cache": "contextual",
      "__roles": [
        "VerifiableCredential.OidcAdmin"
      ]
    },
    "updateOidcClient": {
      "name": "hasRole-VerifiableCredential.OidcAdmin",
      "cache": "contextual",
      "__roles": [
        "VerifiableCredential.OidcAdmin"
      ]
    },
    "deleteOidcClient": {
      "name": "hasRole-VerifiableCredential.OidcAdmin",
      "cache": "contextual",
      "__roles": [
        "VerifiableCredential.OidcAdmin"
      ]
    },
    "createOidcResource": {
      "name": "hasRole-VerifiableCredential.OidcAdmin",
      "cache": "contextual",
      "__roles": [
        "VerifiableCredential.OidcAdmin"
      ]
    },
    "updateOidcResource": {
      "name": "hasRole-VerifiableCredential.OidcAdmin",
      "cache": "contextual",
      "__roles": [
        "VerifiableCredential.OidcAdmin"
      ]
    },
    "deleteOidcResource": {
      "name": "hasRole-VerifiableCredential.OidcAdmin",
      "cache": "contextual",
      "__roles": [
        "VerifiableCredential.OidcAdmin"
      ]
    },
    "createOidcClientResource": {
      "name": "hasRole-VerifiableCredential.OidcAdmin",
      "cache": "contextual",
      "__roles": [
        "VerifiableCredential.OidcAdmin"
      ]
    },
    "updateOidcClientResource": {
      "name": "hasRole-VerifiableCredential.OidcAdmin",
      "cache": "contextual",
      "__roles": [
        "VerifiableCredential.OidcAdmin"
      ]
    },
    "deleteOidcClientResource": {
      "name": "hasRole-VerifiableCredential.OidcAdmin",
      "cache": "contextual",
      "__roles": [
        "VerifiableCredential.OidcAdmin"
      ]
    },
    "createOidcClaimMapping": {
      "name": "hasRole-VerifiableCredential.OidcAdmin",
      "cache": "contextual",
      "__roles": [
        "VerifiableCredential.OidcAdmin"
      ]
    },
    "updateOidcClaimMapping": {
      "name": "hasRole-VerifiableCredential.OidcAdmin",
      "cache": "contextual",
      "__roles": [
        "VerifiableCredential.OidcAdmin"
      ]
    },
    "deleteOidcClaimMapping": {
      "name": "hasRole-VerifiableCredential.OidcAdmin",
      "cache": "contextual",
      "__roles": [
        "VerifiableCredential.OidcAdmin"
      ]
    },
    "updateOidcClientClaimMappings": {
      "name": "hasRole-VerifiableCredential.OidcAdmin",
      "cache": "contextual",
      "__roles": [
        "VerifiableCredential.OidcAdmin"
      ]
    },
    "generateOidcClientSecret": {
      "name": "hasRole-VerifiableCredential.OidcAdmin",
      "cache": "contextual",
      "__roles": [
        "VerifiableCredential.OidcAdmin"
      ]
    },
    "revokeIssuance": {
      "rulesOr": [
        {
          "name": "hasRole-VerifiableCredential.CredentialAdmin",
          "cache": "contextual",
          "__roles": [
            "VerifiableCredential.CredentialAdmin"
          ]
        },
        {
          "name": "isContractAdminApp",
          "cache": "contextual",
          "__roles": [
            "VerifiableCredential.ContractAdmin"
          ]
        }
      ]
    },
    "revokeIssuances": {
      "rulesOr": [
        {
          "name": "hasRole-VerifiableCredential.CredentialAdmin",
          "cache": "contextual",
          "__roles": [
            "VerifiableCredential.CredentialAdmin"
          ]
        },
        {
          "name": "isContractAdminApp",
          "cache": "contextual",
          "__roles": [
            "VerifiableCredential.ContractAdmin"
          ]
        }
      ]
    },
    "revokeContractIssuances": {
      "rulesOr": [
        {
          "name": "hasRole-VerifiableCredential.CredentialAdmin",
          "cache": "contextual",
          "__roles": [
            "VerifiableCredential.CredentialAdmin"
          ]
        },
        {
          "name": "isContractAdminApp",
          "cache": "contextual",
          "__roles": [
            "VerifiableCredential.ContractAdmin"
          ]
        }
      ]
    },
    "revokeIdentityIssuances": {
      "rulesOr": [
        {
          "name": "hasRole-VerifiableCredential.CredentialAdmin",
          "cache": "contextual",
          "__roles": [
            "VerifiableCredential.CredentialAdmin"
          ]
        },
        {
          "name": "isContractAdminApp",
          "cache": "contextual",
          "__roles": [
            "VerifiableCredential.ContractAdmin"
          ]
        }
      ]
    },
    "revokeUserIssuances": {
      "rulesOr": [
        {
          "name": "hasRole-VerifiableCredential.CredentialAdmin",
          "cache": "contextual",
          "__roles": [
            "VerifiableCredential.CredentialAdmin"
          ]
        },
        {
          "name": "isContractAdminApp",
          "cache": "contextual",
          "__roles": [
            "VerifiableCredential.ContractAdmin"
          ]
        }
      ]
    },
    "revokeWalletIssuances": {
      "rulesOr": [
        {
          "name": "hasRole-VerifiableCredential.CredentialAdmin",
          "cache": "contextual",
          "__roles": [
            "VerifiableCredential.CredentialAdmin"
          ]
        },
        {
          "name": "isContractAdminApp",
          "cache": "contextual",
          "__roles": [
            "VerifiableCredential.ContractAdmin"
          ]
        }
      ]
    },
    "testServices": {
      "name": "hasRole-VerifiableCredential.InstanceAdmin",
      "cache": "contextual",
      "__roles": [
        "VerifiableCredential.InstanceAdmin"
      ]
    }
  },
  "Subscription": {
    "*": {
      "name": "hasRole-VerifiableCredential.CredentialAdmin",
      "cache": "contextual",
      "__roles": [
        "VerifiableCredential.CredentialAdmin"
      ]
    },
    "presentationEvent": {
      "rulesOr": [
        {
          "name": "hasRole-VerifiableCredential.CredentialAdmin",
          "cache": "contextual",
          "__roles": [
            "VerifiableCredential.CredentialAdmin"
          ]
        },
        {
          "rulesAnd": [
            {
              "name": "isRequestIdFilterDefined",
              "cache": "strict"
            },
            {
              "rulesOr": [
                {
                  "name": "isUserWithReadPermissions",
                  "cache": "contextual",
                  "__roles": [
                    "VerifiableCredential.Reader",
                    "VerifiableCredential.Issuer",
                    "VerifiableCredential.CredentialAdmin",
                    "VerifiableCredential.PartnerAdmin",
                    "VerifiableCredential.ApprovalRequestAdmin",
                    "VerifiableCredential.OidcAdmin",
                    "VerifiableCredential.InstanceAdmin"
                  ]
                },
                {
                  "name": "isPresentationApp",
                  "cache": "contextual",
                  "__roles": [
                    "VerifiableCredential.Present"
                  ]
                },
                {
                  "rulesAnd": [
                    {
                      "name": "isLimitedAccessApp",
                      "cache": "contextual",
                      "__roles": [
                        "VerifiableCredential.LimitedAccess"
                      ]
                    },
                    {
                      "name": "hasLimitedAccessData-limitedPresentation",
                      "cache": "contextual"
                    }
                  ]
                },
                {
                  "rulesAnd": [
                    {
                      "name": "isLimitedAccessApp",
                      "cache": "contextual",
                      "__roles": [
                        "VerifiableCredential.LimitedAccess"
                      ]
                    },
                    {
                      "name": "hasLimitedAccessData-allowAnonymousPresentation",
                      "cache": "contextual"
                    }
                  ]
                },
                {
                  "name": "isLimitedApprovalApp",
                  "cache": "contextual",
                  "__roles": [
                    "VerifiableCredential.LimitedApproval"
                  ]
                },
                {
                  "name": "isOidcAuthnClient",
                  "cache": "contextual",
                  "__roles": [
                    "VerifiableCredential.LimitedOidcAuthn"
                  ]
                }
              ]
            }
          ]
        }
      ]
    },
    "issuanceEvent": {
      "rulesOr": [
        {
          "name": "hasRole-VerifiableCredential.Issuer",
          "cache": "contextual",
          "__roles": [
            "VerifiableCredential.Issuer"
          ]
        },
        {
          "name": "hasRole-VerifiableCredential.CredentialAdmin",
          "cache": "contextual",
          "__roles": [
            "VerifiableCredential.CredentialAdmin"
          ]
        },
        {
          "rulesAnd": [
            {
              "name": "isRequestIdFilterDefined",
              "cache": "strict"
            },
            {
              "rulesOr": [
                {
                  "name": "isIssuanceApp",
                  "cache": "contextual",
                  "__roles": [
                    "VerifiableCredential.Issue"
                  ]
                },
                {
                  "rulesAnd": [
                    {
                      "name": "isLimitedAccessApp",
                      "cache": "contextual",
                      "__roles": [
                        "VerifiableCredential.LimitedAccess"
                      ]
                    },
                    {
                      "name": "hasLimitedAccessData-limitedIssuance",
                      "cache": "contextual"
                    }
                  ]
                },
                {
                  "name": "isLimitedAsyncIssuanceApp",
                  "cache": "contextual",
                  "__roles": [
                    "VerifiableCredential.LimitedAsyncIssuance"
                  ]
                },
                {
                  "name": "hasApiResourceScope-VerifiableCredential.Issuee",
                  "cache": "contextual"
                }
              ]
            }
          ]
        }
      ]
    },
    "photoCaptureEvent": {
      "rulesOr": [
        {
          "rulesOr": [
            {
              "name": "hasRole-VerifiableCredential.Issuer",
              "cache": "contextual",
              "__roles": [
                "VerifiableCredential.Issuer"
              ]
            },
            {
              "name": "isIssuanceApp",
              "cache": "contextual",
              "__roles": [
                "VerifiableCredential.Issue"
              ]
            },
            {
              "rulesAnd": [
                {
                  "name": "isLimitedAccessApp",
                  "cache": "contextual",
                  "__roles": [
                    "VerifiableCredential.LimitedAccess"
                  ]
                },
                {
                  "name": "hasLimitedAccessData-limitedIssuance",
                  "cache": "contextual"
                }
              ]
            }
          ]
        },
        {
          "rulesAnd": [
            {
              "name": "isLimitedAsyncIssuanceApp",
              "cache": "contextual",
              "__roles": [
                "VerifiableCredential.LimitedAsyncIssuance"
              ]
            },
            {
              "name": "asyncIssuanceRequiresPhotoCapture",
              "cache": "contextual"
            }
          ]
        }
      ]
    }
  },
  "Contract": {
    "issuances": {
      "rulesOr": [
        {
          "name": "isUserWithReadPermissions",
          "cache": "contextual",
          "__roles": [
            "VerifiableCredential.Reader",
            "VerifiableCredential.Issuer",
            "VerifiableCredential.CredentialAdmin",
            "VerifiableCredential.PartnerAdmin",
            "VerifiableCredential.ApprovalRequestAdmin",
            "VerifiableCredential.OidcAdmin",
            "VerifiableCredential.InstanceAdmin"
          ]
        },
        {
          "name": "isIssuanceApp",
          "cache": "contextual",
          "__roles": [
            "VerifiableCredential.Issue"
          ]
        },
        {
          "rulesAnd": [
            {
              "name": "isLimitedAccessApp",
              "cache": "contextual",
              "__roles": [
                "VerifiableCredential.LimitedAccess"
              ]
            },
            {
              "rulesOr": [
                {
                  "name": "isRequestIdFilterDefined",
                  "cache": "strict"
                },
                {
                  "name": "isValidLimitedIdentitierFilter",
                  "cache": "strict"
                }
              ]
            }
          ]
        },
        {
          "rulesAnd": [
            {
              "name": "isLimitedAsyncIssuanceApp",
              "cache": "contextual",
              "__roles": [
                "VerifiableCredential.LimitedAsyncIssuance"
              ]
            },
            {
              "name": "isRequestIdFilterDefined",
              "cache": "strict"
            }
          ]
        }
      ]
    },
    "asyncIssuanceRequests": {
      "rulesOr": [
        {
          "name": "isUserWithReadPermissions",
          "cache": "contextual",
          "__roles": [
            "VerifiableCredential.Reader",
            "VerifiableCredential.Issuer",
            "VerifiableCredential.CredentialAdmin",
            "VerifiableCredential.PartnerAdmin",
            "VerifiableCredential.ApprovalRequestAdmin",
            "VerifiableCredential.OidcAdmin",
            "VerifiableCredential.InstanceAdmin"
          ]
        },
        {
          "name": "isIssuanceApp",
          "cache": "contextual",
          "__roles": [
            "VerifiableCredential.Issue"
          ]
        }
      ]
    },
    "presentations": {
      "rulesOr": [
        {
          "name": "isUserWithReadPermissions",
          "cache": "contextual",
          "__roles": [
            "VerifiableCredential.Reader",
            "VerifiableCredential.Issuer",
            "VerifiableCredential.CredentialAdmin",
            "VerifiableCredential.PartnerAdmin",
            "VerifiableCredential.ApprovalRequestAdmin",
            "VerifiableCredential.OidcAdmin",
            "VerifiableCredential.InstanceAdmin"
          ]
        },
        {
          "name": "isPresentationApp",
          "cache": "contextual",
          "__roles": [
            "VerifiableCredential.Present"
          ]
        },
        {
          "rulesAnd": [
            {
              "name": "isLimitedAccessApp",
              "cache": "contextual",
              "__roles": [
                "VerifiableCredential.LimitedAccess"
              ]
            },
            {
              "rulesOr": [
                {
                  "name": "isRequestIdFilterDefined",
                  "cache": "strict"
                },
                {
                  "name": "isValidLimitedIdentitierFilter",
                  "cache": "strict"
                }
              ]
            }
          ]
        },
        {
          "rulesAnd": [
            {
              "name": "isLimitedApprovalApp",
              "cache": "contextual",
              "__roles": [
                "VerifiableCredential.LimitedApproval"
              ]
            },
            {
              "name": "isRequestIdFilterDefined",
              "cache": "strict"
            }
          ]
        },
        {
          "rulesAnd": [
            {
              "name": "isOidcAuthnClient",
              "cache": "contextual",
              "__roles": [
                "VerifiableCredential.LimitedOidcAuthn"
              ]
            },
            {
              "name": "isRequestIdFilterDefined",
              "cache": "strict"
            }
          ]
        }
      ]
    }
  },
  "Identity": {
    "*": {
      "rulesOr": [
        {
          "name": "isUserWithReadPermissions",
          "cache": "contextual",
          "__roles": [
            "VerifiableCredential.Reader",
            "VerifiableCredential.Issuer",
            "VerifiableCredential.CredentialAdmin",
            "VerifiableCredential.PartnerAdmin",
            "VerifiableCredential.ApprovalRequestAdmin",
            "VerifiableCredential.OidcAdmin",
            "VerifiableCredential.InstanceAdmin"
          ]
        },
        {
          "name": "isIssuanceApp",
          "cache": "contextual",
          "__roles": [
            "VerifiableCredential.Issue"
          ]
        },
        {
          "name": "isPresentationApp",
          "cache": "contextual",
          "__roles": [
            "VerifiableCredential.Present"
          ]
        },
        {
          "name": "hasLimitedAccessTokenAcquisitionRoleRequiringIdentityAccess",
          "cache": "contextual",
          "__roles": [
            "VerifiableCredential.AcquireLimitedAccessToken.Issue",
            "VerifiableCredential.AcquireLimitedAccessToken.Present",
            "VerifiableCredential.AcquireLimitedAccessToken.ListContracts"
          ]
        },
        {
          "name": "isLimitedAccessApp",
          "cache": "contextual",
          "__roles": [
            "VerifiableCredential.LimitedAccess"
          ]
        },
        {
          "name": "isOidcAuthnClient",
          "cache": "contextual",
          "__roles": [
            "VerifiableCredential.LimitedOidcAuthn"
          ]
        },
        {
          "name": "hasApiResourceScope-VerifiableCredential.Issuee",
          "cache": "contextual"
        }
      ]
    },
    "issuances": {
      "rulesOr": [
        {
          "rulesOr": [
            {
              "name": "isUserWithReadPermissions",
              "cache": "contextual",
              "__roles": [
                "VerifiableCredential.Reader",
                "VerifiableCredential.Issuer",
                "VerifiableCredential.CredentialAdmin",
                "VerifiableCredential.PartnerAdmin",
                "VerifiableCredential.ApprovalRequestAdmin",
                "VerifiableCredential.OidcAdmin",
                "VerifiableCredential.InstanceAdmin"
              ]
            },
            {
              "name": "isIssuanceApp",
              "cache": "contextual",
              "__roles": [
                "VerifiableCredential.Issue"
              ]
            },
            {
              "rulesAnd": [
                {
                  "name": "isLimitedAccessApp",
                  "cache": "contextual",
                  "__roles": [
                    "VerifiableCredential.LimitedAccess"
                  ]
                },
                {
                  "rulesOr": [
                    {
                      "name": "isRequestIdFilterDefined",
                      "cache": "strict"
                    },
                    {
                      "name": "isValidLimitedIdentitierFilter",
                      "cache": "strict"
                    }
                  ]
                }
              ]
            },
            {
              "rulesAnd": [
                {
                  "name": "isLimitedAsyncIssuanceApp",
                  "cache": "contextual",
                  "__roles": [
                    "VerifiableCredential.LimitedAsyncIssuance"
                  ]
                },
                {
                  "name": "isRequestIdFilterDefined",
                  "cache": "strict"
                }
              ]
            }
          ]
        },
        {
          "rulesAnd": [
            {
              "name": "hasApiResourceScope-VerifiableCredential.Issuee",
              "cache": "contextual"
            },
            {
              "name": "identityIsAuthenticatedUser",
              "cache": "strict"
            }
          ]
        }
      ]
    },
    "asyncIssuanceRequests": {
      "rulesOr": [
        {
          "rulesOr": [
            {
              "name": "isUserWithReadPermissions",
              "cache": "contextual",
              "__roles": [
                "VerifiableCredential.Reader",
                "VerifiableCredential.Issuer",
                "VerifiableCredential.CredentialAdmin",
                "VerifiableCredential.PartnerAdmin",
                "VerifiableCredential.ApprovalRequestAdmin",
                "VerifiableCredential.OidcAdmin",
                "VerifiableCredential.InstanceAdmin"
              ]
            },
            {
              "name": "isIssuanceApp",
              "cache": "contextual",
              "__roles": [
                "VerifiableCredential.Issue"
              ]
            }
          ]
        },
        {
          "rulesAnd": [
            {
              "name": "hasApiResourceScope-VerifiableCredential.Issuee",
              "cache": "contextual"
            },
            {
              "name": "identityIsAuthenticatedUser",
              "cache": "strict"
            }
          ]
        }
      ]
    },
    "presentations": {
      "rulesOr": [
        {
          "rulesOr": [
            {
              "name": "isUserWithReadPermissions",
              "cache": "contextual",
              "__roles": [
                "VerifiableCredential.Reader",
                "VerifiableCredential.Issuer",
                "VerifiableCredential.CredentialAdmin",
                "VerifiableCredential.PartnerAdmin",
                "VerifiableCredential.ApprovalRequestAdmin",
                "VerifiableCredential.OidcAdmin",
                "VerifiableCredential.InstanceAdmin"
              ]
            },
            {
              "name": "isPresentationApp",
              "cache": "contextual",
              "__roles": [
                "VerifiableCredential.Present"
              ]
            },
            {
              "rulesAnd": [
                {
                  "name": "isLimitedAccessApp",
                  "cache": "contextual",
                  "__roles": [
                    "VerifiableCredential.LimitedAccess"
                  ]
                },
                {
                  "rulesOr": [
                    {
                      "name": "isRequestIdFilterDefined",
                      "cache": "strict"
                    },
                    {
                      "name": "isValidLimitedIdentitierFilter",
                      "cache": "strict"
                    }
                  ]
                }
              ]
            },
            {
              "rulesAnd": [
                {
                  "name": "isLimitedApprovalApp",
                  "cache": "contextual",
                  "__roles": [
                    "VerifiableCredential.LimitedApproval"
                  ]
                },
                {
                  "name": "isRequestIdFilterDefined",
                  "cache": "strict"
                }
              ]
            },
            {
              "rulesAnd": [
                {
                  "name": "isOidcAuthnClient",
                  "cache": "contextual",
                  "__roles": [
                    "VerifiableCredential.LimitedOidcAuthn"
                  ]
                },
                {
                  "name": "isRequestIdFilterDefined",
                  "cache": "strict"
                }
              ]
            }
          ]
        },
        {
          "rulesAnd": [
            {
              "name": "hasApiResourceScope-VerifiableCredential.Issuee",
              "cache": "contextual"
            },
            {
              "name": "identityIsAuthenticatedUser",
              "cache": "strict"
            }
          ]
        }
      ]
    }
  },
  "Issuance": {
    "*": {
      "rulesAnd": [
        {
          "rulesOr": [
            {
              "name": "isUserWithReadPermissions",
              "cache": "contextual",
              "__roles": [
                "VerifiableCredential.Reader",
                "VerifiableCredential.Issuer",
                "VerifiableCredential.CredentialAdmin",
                "VerifiableCredential.PartnerAdmin",
                "VerifiableCredential.ApprovalRequestAdmin",
                "VerifiableCredential.OidcAdmin",
                "VerifiableCredential.InstanceAdmin"
              ]
            },
            {
              "name": "isIssuanceApp",
              "cache": "contextual",
              "__roles": [
                "VerifiableCredential.Issue"
              ]
            },
            {
              "name": "isPresentationApp",
              "cache": "contextual",
              "__roles": [
                "VerifiableCredential.Present"
              ]
            },
            {
              "name": "isContractAdminApp",
              "cache": "contextual",
              "__roles": [
                "VerifiableCredential.ContractAdmin"
              ]
            },
            {
              "name": "isLimitedAccessApp",
              "cache": "contextual",
              "__roles": [
                "VerifiableCredential.LimitedAccess"
              ]
            },
            {
              "name": "isLimitedApprovalApp",
              "cache": "contextual",
              "__roles": [
                "VerifiableCredential.LimitedApproval"
              ]
            },
            {
              "name": "isLimitedAsyncIssuanceApp",
              "cache": "contextual",
              "__roles": [
                "VerifiableCredential.LimitedAsyncIssuance"
              ]
            },
            {
              "name": "isOidcAuthnClient",
              "cache": "contextual",
              "__roles": [
                "VerifiableCredential.LimitedOidcAuthn"
              ]
            },
            {
              "name": "hasApiResourceScope-VerifiableCredential.Issuee",
              "cache": "contextual"
            }
          ]
        },
        {
          "rulesOr": [
            {
              "rulesAnd": [
                {
                  "name": "hasApiResourceScope-VerifiableCredential.Issuee",
                  "cache": "contextual"
                },
                {
                  "name": "issuanceIsToAuthenticatedUser",
                  "cache": "strict"
                }
              ]
            },
            {
              "ruleNot": [
                {
                  "name": "hasApiResourceScope-VerifiableCredential.Issuee",
                  "cache": "contextual"
                }
              ]
            }
          ]
        }
      ]
    }
  },
  "Presentation": {
    "*": {
      "rulesAnd": [
        {
          "rulesOr": [
            {
              "name": "isUserWithReadPermissions",
              "cache": "contextual",
              "__roles": [
                "VerifiableCredential.Reader",
                "VerifiableCredential.Issuer",
                "VerifiableCredential.CredentialAdmin",
                "VerifiableCredential.PartnerAdmin",
                "VerifiableCredential.ApprovalRequestAdmin",
                "VerifiableCredential.OidcAdmin",
                "VerifiableCredential.InstanceAdmin"
              ]
            },
            {
              "name": "isIssuanceApp",
              "cache": "contextual",
              "__roles": [
                "VerifiableCredential.Issue"
              ]
            },
            {
              "name": "isPresentationApp",
              "cache": "contextual",
              "__roles": [
                "VerifiableCredential.Present"
              ]
            },
            {
              "name": "isContractAdminApp",
              "cache": "contextual",
              "__roles": [
                "VerifiableCredential.ContractAdmin"
              ]
            },
            {
              "name": "isLimitedAccessApp",
              "cache": "contextual",
              "__roles": [
                "VerifiableCredential.LimitedAccess"
              ]
            },
            {
              "name": "isLimitedApprovalApp",
              "cache": "contextual",
              "__roles": [
                "VerifiableCredential.LimitedApproval"
              ]
            },
            {
              "name": "isLimitedAsyncIssuanceApp",
              "cache": "contextual",
              "__roles": [
                "VerifiableCredential.LimitedAsyncIssuance"
              ]
            },
            {
              "name": "isOidcAuthnClient",
              "cache": "contextual",
              "__roles": [
                "VerifiableCredential.LimitedOidcAuthn"
              ]
            },
            {
              "name": "hasApiResourceScope-VerifiableCredential.Issuee",
              "cache": "contextual"
            }
          ]
        },
        {
          "rulesOr": [
            {
              "rulesAnd": [
                {
                  "name": "hasApiResourceScope-VerifiableCredential.Issuee",
                  "cache": "contextual"
                },
                {
                  "name": "presentationIsByAuthenticatedUser",
                  "cache": "strict"
                }
              ]
            },
            {
              "ruleNot": [
                {
                  "name": "hasApiResourceScope-VerifiableCredential.Issuee",
                  "cache": "contextual"
                }
              ]
            }
          ]
        }
      ]
    }
  },
  "AccessTokenResponse": {
    "*": {
      "name": "hasLimitedAccessTokenAcquisitionRole",
      "cache": "contextual",
      "__roles": [
        "VerifiableCredential.AcquireLimitedAccessToken.Issue",
        "VerifiableCredential.AcquireLimitedAccessToken.Present",
        "VerifiableCredential.AcquireLimitedAccessToken.ListContracts",
        "VerifiableCredential.AcquireLimitedAccessToken.AnonymousPresentations"
      ]
    }
  },
  "ApprovalRequest": {
    "*": {
      "rulesOr": [
        {
          "name": "isLimitedApprovalApp",
          "cache": "contextual",
          "__roles": [
            "VerifiableCredential.LimitedApproval"
          ]
        },
        {
          "name": "hasRole-VerifiableCredential.ApprovalRequestAdmin",
          "cache": "contextual",
          "__roles": [
            "VerifiableCredential.ApprovalRequestAdmin"
          ]
        }
      ]
    }
  },
  "ApprovalRequestResponse": {
    "*": {
      "name": "isApprovalRequestApp",
      "cache": "contextual",
      "__roles": [
        "VerifiableCredential.RequestApproval"
      ]
    }
  },
  "ApprovalTokenResponse": {
    "*": {
      "rules": []
    }
  },
  "ActionedApprovalData": {
    "*": {
      "rulesOr": [
        {
          "name": "hasRole-VerifiableCredential.ApprovalRequestAdmin",
          "cache": "contextual",
          "__roles": [
            "VerifiableCredential.ApprovalRequestAdmin"
          ]
        },
        {
          "name": "isApprovalRequestApp",
          "cache": "contextual",
          "__roles": [
            "VerifiableCredential.RequestApproval"
          ]
        }
      ]
    }
  },
  "ActionedBy": {
    "*": {
      "rulesOr": [
        {
          "name": "hasRole-VerifiableCredential.ApprovalRequestAdmin",
          "cache": "contextual",
          "__roles": [
            "VerifiableCredential.ApprovalRequestAdmin"
          ]
        },
        {
          "name": "isApprovalRequestApp",
          "cache": "contextual",
          "__roles": [
            "VerifiableCredential.RequestApproval"
          ]
        }
      ]
    }
  },
  "PhotoCaptureTokenResponse": {
    "*": {
      "rules": []
    }
  },
  "PhotoCaptureEventData": {
    "*": {
      "rulesOr": [
        {
          "rulesOr": [
            {
              "name": "hasRole-VerifiableCredential.Issuer",
              "cache": "contextual",
              "__roles": [
                "VerifiableCredential.Issuer"
              ]
            },
            {
              "name": "isIssuanceApp",
              "cache": "contextual",
              "__roles": [
                "VerifiableCredential.Issue"
              ]
            },
            {
              "rulesAnd": [
                {
                  "name": "isLimitedAccessApp",
                  "cache": "contextual",
                  "__roles": [
                    "VerifiableCredential.LimitedAccess"
                  ]
                },
                {
                  "name": "hasLimitedAccessData-limitedIssuance",
                  "cache": "contextual"
                }
              ]
            }
          ]
        },
        {
          "rulesAnd": [
            {
              "name": "isLimitedAsyncIssuanceApp",
              "cache": "contextual",
              "__roles": [
                "VerifiableCredential.LimitedAsyncIssuance"
              ]
            },
            {
              "name": "asyncIssuanceRequiresPhotoCapture",
              "cache": "contextual"
            }
          ]
        }
      ]
    }
  },
  "AsyncIssuanceRequest": {
    "*": {
      "rulesOr": [
        {
          "rulesOr": [
            {
              "name": "hasRole-VerifiableCredential.Issuer",
              "cache": "contextual",
              "__roles": [
                "VerifiableCredential.Issuer"
              ]
            },
            {
              "name": "isIssuanceApp",
              "cache": "contextual",
              "__roles": [
                "VerifiableCredential.Issue"
              ]
            }
          ]
        },
        {
          "rulesAnd": [
            {
              "name": "hasApiResourceScope-VerifiableCredential.Issuee",
              "cache": "contextual"
            },
            {
              "name": "asyncIssuanceIsToAuthenticatedUser",
              "cache": "strict"
            }
          ]
        }
      ]
    }
  },
  "AsyncIssuanceContact": {
    "*": {
      "name": "hasRole-VerifiableCredential.Issuer",
      "cache": "contextual",
      "__roles": [
        "VerifiableCredential.Issuer"
      ]
    }
  },
  "AsyncIssuanceTokenResponse": {
    "*": {
      "rules": []
    }
  },
  "SendAsyncIssuanceVerificationResponse": {
    "*": {
      "rules": []
    }
  },
  "Branding": {
    "*": {
      "rules": []
    }
  }
}"
`;
