// Jest Snapshot v1, https://goo.gl/fbAQLP

exports[`shield rules are setup correctly 1`] = `
"{
  "Query": {
    "*": {
      "name": "isUserWithReadPermissions",
      "cache": "contextual"
    },
    "healthcheck": {
      "rules": []
    },
    "contract": {
      "rulesOr": [
        {
          "name": "isUserWithReadPermissions",
          "cache": "contextual"
        },
        {
          "name": "isIssuanceApp",
          "cache": "contextual"
        },
        {
          "name": "isPresentationApp",
          "cache": "contextual"
        },
        {
          "rulesAnd": [
            {
              "name": "isLimitedAccessApp",
              "cache": "contextual"
            },
            {
              "name": "isValidLimitedContractRequest",
              "cache": "strict"
            }
          ]
        }
      ]
    },
    "findContracts": {
      "rulesOr": [
        {
          "name": "isUserWithReadPermissions",
          "cache": "contextual"
        },
        {
          "name": "isIssuanceApp",
          "cache": "contextual"
        },
        {
          "name": "isPresentationApp",
          "cache": "contextual"
        },
        {
          "rulesAnd": [
            {
              "name": "isLimitedAccessApp",
              "cache": "contextual"
            },
            {
              "name": "hasLimitedAccessData-listContracts",
              "cache": "contextual"
            }
          ]
        }
      ]
    },
    "identity": {
      "rulesOr": [
        {
          "name": "isUserWithReadPermissions",
          "cache": "contextual"
        },
        {
          "name": "isIssuanceApp",
          "cache": "contextual"
        },
        {
          "name": "isPresentationApp",
          "cache": "contextual"
        },
        {
          "rulesAnd": [
            {
              "name": "isLimitedAccessApp",
              "cache": "contextual"
            },
            {
              "name": "isValidLimitedIdentityRequest",
              "cache": "strict"
            }
          ]
        }
      ]
    },
    "findIssuances": {
      "rulesOr": [
        {
          "name": "isUserWithReadPermissions",
          "cache": "contextual"
        },
        {
          "name": "isIssuanceApp",
          "cache": "contextual"
        },
        {
          "rulesAnd": [
            {
              "name": "isLimitedAccessApp",
              "cache": "contextual"
            },
            {
              "rulesOr": [
                {
                  "name": "isRequestIdFilterDefined",
                  "cache": "strict"
                },
                {
                  "name": "isValidLimitedIdentitierFilter",
                  "cache": "strict"
                }
              ]
            }
          ]
        }
      ]
    },
    "findPresentations": {
      "rulesOr": [
        {
          "name": "isUserWithReadPermissions",
          "cache": "contextual"
        },
        {
          "name": "isPresentationApp",
          "cache": "contextual"
        },
        {
          "rulesAnd": [
            {
              "name": "isLimitedAccessApp",
              "cache": "contextual"
            },
            {
              "rulesOr": [
                {
                  "name": "isRequestIdFilterDefined",
                  "cache": "strict"
                },
                {
                  "name": "isValidLimitedIdentitierFilter",
                  "cache": "strict"
                }
              ]
            }
          ]
        },
        {
          "rulesAnd": [
            {
              "name": "isLimitedApprovalApp",
              "cache": "contextual"
            },
            {
              "name": "isRequestIdFilterDefined",
              "cache": "strict"
            }
          ]
        }
      ]
    },
    "findNetworkIssuers": {
      "name": "hasRole-VerifiableCredential.PartnerAdmin",
      "cache": "contextual"
    },
    "networkContracts": {
      "name": "hasRole-VerifiableCredential.PartnerAdmin",
      "cache": "contextual"
    },
    "approvalRequest": {
      "rulesOr": [
        {
          "name": "hasRole-VerifiableCredential.ApprovalRequestAdmin",
          "cache": "contextual"
        },
        {
          "rulesAnd": [
            {
              "name": "isLimitedApprovalApp",
              "cache": "contextual"
            },
            {
              "name": "hasApprovalRequestPresentationAndMatchesApprovalRequestId",
              "cache": "strict"
            }
          ]
        }
      ]
    }
  },
  "Mutation": {
    "*": {
      "name": "hasRole-VerifiableCredential.CredentialAdmin",
      "cache": "contextual"
    },
    "acquireLimitedAccessToken": {
      "rulesAnd": [
        {
          "name": "hasLimitedAccessTokenAcquisitionRole",
          "cache": "contextual"
        },
        {
          "name": "isValidAcquireLimitedAccessTokenRequest",
          "cache": "strict"
        }
      ]
    },
    "acquireLimitedApprovalToken": {
      "rules": []
    },
    "createIssuanceRequest": {
      "rulesOr": [
        {
          "name": "hasRole-VerifiableCredential.Issuer",
          "cache": "contextual"
        },
        {
          "name": "isIssuanceApp",
          "cache": "contextual"
        },
        {
          "rulesAnd": [
            {
              "rulesAnd": [
                {
                  "name": "isLimitedAccessApp",
                  "cache": "contextual"
                },
                {
                  "name": "hasLimitedAccessData-limitedIssuance",
                  "cache": "contextual"
                }
              ]
            },
            {
              "name": "isValidLimitedIssuanceRequest",
              "cache": "strict"
            }
          ]
        }
      ]
    },
    "createPresentationRequest": {
      "rulesOr": [
        {
          "name": "isUserWithReadPermissions",
          "cache": "contextual"
        },
        {
          "name": "isPresentationApp",
          "cache": "contextual"
        },
        {
          "rulesAnd": [
            {
              "rulesAnd": [
                {
                  "name": "isLimitedAccessApp",
                  "cache": "contextual"
                },
                {
                  "name": "hasLimitedAccessData-limitedPresentation",
                  "cache": "contextual"
                }
              ]
            },
            {
              "name": "isValidLimitedPresentationRequest",
              "cache": "strict"
            }
          ]
        }
      ]
    },
    "saveIdentity": {
      "rulesOr": [
        {
          "name": "hasRole-VerifiableCredential.Issuer",
          "cache": "contextual"
        },
        {
          "name": "isIssuanceApp",
          "cache": "contextual"
        },
        {
          "rulesAnd": [
            {
              "name": "isLimitedAccessApp",
              "cache": "contextual"
            },
            {
              "name": "hasLimitedAccessData-limitedIssuance",
              "cache": "contextual"
            }
          ]
        },
        {
          "name": "hasRole-VerifiableCredential.CredentialAdmin",
          "cache": "contextual"
        },
        {
          "name": "hasLimitedAccessTokenAcquisitionRoleRequiringIdentityAccess",
          "cache": "contextual"
        }
      ]
    },
    "createPartner": {
      "name": "hasRole-VerifiableCredential.PartnerAdmin",
      "cache": "contextual"
    },
    "updatePartner": {
      "name": "hasRole-VerifiableCredential.PartnerAdmin",
      "cache": "contextual"
    },
    "createApprovalRequest": {
      "name": "isApprovalRequestApp",
      "cache": "contextual"
    },
    "createPresentationRequestForApproval": {
      "rulesAnd": [
        {
          "name": "isLimitedApprovalApp",
          "cache": "contextual"
        },
        {
          "name": "isValidLimitedPresentationRequestForApproval",
          "cache": "strict"
        }
      ]
    },
    "actionApprovalRequest": {
      "rulesAnd": [
        {
          "name": "isLimitedApprovalApp",
          "cache": "contextual"
        },
        {
          "name": "hasApprovalRequestPresentationAndMatchesApprovalRequestId",
          "cache": "strict"
        }
      ]
    }
  },
  "Subscription": {
    "*": {
      "name": "hasRole-VerifiableCredential.CredentialAdmin",
      "cache": "contextual"
    },
    "presentationEvent": {
      "rulesOr": [
        {
          "name": "hasRole-VerifiableCredential.CredentialAdmin",
          "cache": "contextual"
        },
        {
          "rulesAnd": [
            {
              "name": "isRequestIdFilterDefined",
              "cache": "strict"
            },
            {
              "rulesOr": [
                {
                  "name": "isUserWithReadPermissions",
                  "cache": "contextual"
                },
                {
                  "name": "isPresentationApp",
                  "cache": "contextual"
                },
                {
                  "rulesAnd": [
                    {
                      "name": "isLimitedAccessApp",
                      "cache": "contextual"
                    },
                    {
                      "name": "hasLimitedAccessData-limitedPresentation",
                      "cache": "contextual"
                    }
                  ]
                },
                {
                  "rulesAnd": [
                    {
                      "name": "isLimitedAccessApp",
                      "cache": "contextual"
                    },
                    {
                      "name": "hasLimitedAccessData-allowAnonymousPresentation",
                      "cache": "contextual"
                    }
                  ]
                },
                {
                  "name": "isLimitedApprovalApp",
                  "cache": "contextual"
                }
              ]
            }
          ]
        }
      ]
    },
    "issuanceEvent": {
      "rulesOr": [
        {
          "name": "hasRole-VerifiableCredential.Issuer",
          "cache": "contextual"
        },
        {
          "name": "hasRole-VerifiableCredential.CredentialAdmin",
          "cache": "contextual"
        },
        {
          "rulesAnd": [
            {
              "name": "isRequestIdFilterDefined",
              "cache": "strict"
            },
            {
              "rulesOr": [
                {
                  "name": "isIssuanceApp",
                  "cache": "contextual"
                },
                {
                  "rulesAnd": [
                    {
                      "name": "isLimitedAccessApp",
                      "cache": "contextual"
                    },
                    {
                      "name": "hasLimitedAccessData-limitedIssuance",
                      "cache": "contextual"
                    }
                  ]
                }
              ]
            }
          ]
        }
      ]
    }
  },
  "Contract": {
    "issuances": {
      "rulesOr": [
        {
          "name": "isUserWithReadPermissions",
          "cache": "contextual"
        },
        {
          "name": "isIssuanceApp",
          "cache": "contextual"
        },
        {
          "rulesAnd": [
            {
              "name": "isLimitedAccessApp",
              "cache": "contextual"
            },
            {
              "rulesOr": [
                {
                  "name": "isRequestIdFilterDefined",
                  "cache": "strict"
                },
                {
                  "name": "isValidLimitedIdentitierFilter",
                  "cache": "strict"
                }
              ]
            }
          ]
        }
      ]
    },
    "presentations": {
      "rulesOr": [
        {
          "name": "isUserWithReadPermissions",
          "cache": "contextual"
        },
        {
          "name": "isPresentationApp",
          "cache": "contextual"
        },
        {
          "rulesAnd": [
            {
              "name": "isLimitedAccessApp",
              "cache": "contextual"
            },
            {
              "rulesOr": [
                {
                  "name": "isRequestIdFilterDefined",
                  "cache": "strict"
                },
                {
                  "name": "isValidLimitedIdentitierFilter",
                  "cache": "strict"
                }
              ]
            }
          ]
        },
        {
          "rulesAnd": [
            {
              "name": "isLimitedApprovalApp",
              "cache": "contextual"
            },
            {
              "name": "isRequestIdFilterDefined",
              "cache": "strict"
            }
          ]
        }
      ]
    }
  },
  "Identity": {
    "*": {
      "rulesOr": [
        {
          "name": "isUserWithReadPermissions",
          "cache": "contextual"
        },
        {
          "name": "isIssuanceApp",
          "cache": "contextual"
        },
        {
          "name": "isPresentationApp",
          "cache": "contextual"
        },
        {
          "name": "hasLimitedAccessTokenAcquisitionRoleRequiringIdentityAccess",
          "cache": "contextual"
        },
        {
          "name": "isLimitedAccessApp",
          "cache": "contextual"
        }
      ]
    }
  },
  "AccessTokenResponse": {
    "*": {
      "name": "hasLimitedAccessTokenAcquisitionRole",
      "cache": "contextual"
    }
  },
  "ApprovalRequest": {
    "*": {
      "rulesOr": [
        {
          "name": "isLimitedApprovalApp",
          "cache": "contextual"
        },
        {
          "name": "hasRole-VerifiableCredential.ApprovalRequestAdmin",
          "cache": "contextual"
        }
      ]
    }
  },
  "ApprovalRequestResponse": {
    "*": {
      "name": "isApprovalRequestApp",
      "cache": "contextual"
    }
  },
  "ApprovalTokenResponse": {
    "*": {
      "rules": []
    }
  }
}"
`;
